杩芥函缁撴灉: {"success":true,"data":{"cell":{"id":45,"barcode":"TEST-DUP-CHECK-1781594131310","batchNo":"B20260520001","sortingRecordId":null,"voltage":3.8,"internalResistance":22.8,"capacity":"2700-2750","kValue":0.06,"sortingTime":null,"grade":"A","importSource":"sorter","importedAt":"2026-06-16T07:15:31.360Z","createdAt":"2026-06-16T07:15:31.360Z"},"batch":{"status":2,"batchNo":"B20260520001","productModel":"LP27148200-50Ah","productSpec":"3.2V 50Ah LFP","workshop":"涓€鍙疯溅闂?,"shift":"鐧界彮","plannedQty":1000,"actualStartDate":"2026-05-20","remarks":null,"createdBy":1,"createdAt":"2026-05-20T01:35:07.220Z","updatedBy":null,"updatedAt":"2026-05-20T01:35:07.220Z"},"processes":{"batching":null,"coating":null,"roller-pressing":null,"slitting":null,"electrode":null,"winding":null,"assembly":null,"baking":null,"injection":null,"wrapping":null,"formation":null,"grading":null,"sorting":null}},"message":"ok"}
